<html>
<body>
<pre>
<h1>µVision Build Log</h1>
<h2>Tool Versions:</h2>
IDE-Version: ¦ÌVision V5.41.0.0
Copyright (C) 2024 ARM Ltd and ARM Germany GmbH. All rights reserved.
License Information: jhg 341182521@qq.com, ghf, LIC=D0D7S-LZTUH-KPJZY-IFPP3-BSK4L-Y2YCK
 
Tool Versions:
Toolchain:       MDK-ARM Plus  Version: 5.41.0.0
Toolchain Path:  C:\Users\34118\AppData\Local\Keil_v5\ARM\ARMCC\Bin
C Compiler:      Armcc.exe V5.06 update 7 (build 960)
Assembler:       Armasm.exe V5.06 update 7 (build 960)
Linker/Locator:  ArmLink.exe V5.06 update 7 (build 960)
Library Manager: ArmAr.exe V5.06 update 7 (build 960)
Hex Converter:   FromElf.exe V5.06 update 7 (build 960)
CPU DLL:         SARMCM3.DLL V5.41.0.0
Dialog DLL:      DCM.DLL V1.17.5.0
Target DLL:      STLink\ST-LINKIII-KEIL_SWO.dll V3.3.0.0
Dialog DLL:      TCM.DLL V1.56.4.0
 
<h2>Project:</h2>
c:\Users\34118\Desktop\20250224-161925\project.uvprojx
Project File Date:  02/25/2025

<h2>Output:</h2>
*** Using Compiler 'V5.06 update 7 (build 960)', folder: 'C:\Users\34118\AppData\Local\Keil_v5\ARM\ARMCC\Bin'
Rebuild target 'Target 1'
assembling startup_stm32f10x_md.s...
compiling stm32f10x_dac.c...
compiling stm32f10x_flash.c...
compiling stm32f10x_exti.c...
compiling stm32f10x_can.c...
compiling stm32f10x_crc.c...
compiling stm32f10x_fsmc.c...
compiling misc.c...
compiling stm32f10x_adc.c...
compiling core_cm3.c...
compiling stm32f10x_dbgmcu.c...
compiling stm32f10x_bkp.c...
compiling stm32f10x_cec.c...
compiling system_stm32f10x.c...
compiling stm32f10x_dma.c...
compiling stm32f10x_gpio.c...
compiling stm32f10x_i2c.c...
compiling stm32f10x_pwr.c...
compiling stm32f10x_iwdg.c...
compiling stm32f10x_rcc.c...
compiling stm32f10x_rtc.c...
compiling stm32f10x_sdio.c...
compiling timer.c...
compiling stm32f10x_spi.c...
compiling stm32f10x_usart.c...
compiling stm32f10x_wwdg.c...
compiling OLED.c...
compiling pwm.c...
compiling stm32f10x_tim.c...
compiling anjian.c...
compiling dianji.c...
compiling Delay.c...
compiling duoji.c...
compiling xunji.c...
compiling PID.c...
compiling bizhang.c...
compiling main.c...
compiling LinePID.c...
compiling stm32f10x_it.c...
compiling SpeedControl.c...
linking...
Program Size: Code=5942 RO-data=1806 RW-data=60 ZI-data=1644  
".\Objects\project.axf" - 0 Error(s), 0 Warning(s).

<h2>Software Packages used:</h2>

Package Vendor: Keil
                https://www.keil.com/pack/Keil.STM32F1xx_DFP.2.4.1.pack
                Keil::STM32F1xx_DFP@2.4.1
                STMicroelectronics STM32F1 Series Device Support, Drivers and Examples

<h2>Collection of Component include folders:</h2>
  C:/Users/34118/AppData/Local/Arm/Packs/Keil/STM32F1xx_DFP/2.4.1/Device/Include

<h2>Collection of Component Files used:</h2>
Build Time Elapsed:  00:00:01
</pre>
</body>
</html>
